
> frontend@0.1.0 build
> react-scripts build

Creating an optimized production build...
Compiled with warnings.

[eslint] 
src\App.js
  Line 396:6:  React Hook useEffect has a missing dependency: 'eligibleSchemes.length'. Either include it or remove the dependency array  react-hooks/exhaustive-deps

Search for the keywords to learn more about each warning.
To ignore, add // eslint-disable-next-line to the line before.

File sizes after gzip:

  83.66 kB  build\static\js\main.22809ef1.js
  1.76 kB   build\static\js\453.20359781.chunk.js
  513 B     build\static\css\main.f855e6bc.css

The project was built assuming it is hosted at /.
You can control this with the homepage field in your package.json.

The build folder is ready to be deployed.
You may serve it with a static server:

  npm install -g serve
  serve -s build

Find out more about deployment here:

  https://cra.link/deployment

